{
  "version": "1.5.0",
  "plugins_used": [
    {
      "name": "ArtifactoryDetector"
    },
    {
      "name": "AWSKeyDetector"
    },
    {
      "name": "AzureStorageKeyDetector"
    },
    {
      "name": "Base64HighEntropyString",
      "limit": 4.5
    },
    {
      "name": "BasicAuthDetector"
    },
    {
      "name": "CloudantDetector"
    },
    {
      "name": "DiscordBotTokenDetector"
    },
    {
      "name": "GitHubTokenDetector"
    },
    {
      "name": "GitLabTokenDetector"
    },
    {
      "name": "HexHighEntropyString",
      "limit": 3.0
    },
    {
      "name": "IbmCloudIamDetector"
    },
    {
      "name": "IbmCosHmacDetector"
    },
    {
      "name": "IPPublicDetector"
    },
    {
      "name": "JwtTokenDetector"
    },
    {
      "name": "KeywordDetector",
      "keyword_exclude": ""
    },
    {
      "name": "MailchimpDetector"
    },
    {
      "name": "NpmDetector"
    },
    {
      "name": "OpenAIDetector"
    },
    {
      "name": "PrivateKeyDetector"
    },
    {
      "name": "PypiTokenDetector"
    },
    {
      "name": "SendGridDetector"
    },
    {
      "name": "SlackDetector"
    },
    {
      "name": "SoftlayerDetector"
    },
    {
      "name": "SquareOAuthDetector"
    },
    {
      "name": "StripeDetector"
    },
    {
      "name": "TelegramBotTokenDetector"
    },
    {
      "name": "TwilioKeyDetector"
    }
  ],
  "filters_used": [
    {
      "path": "detect_secrets.filters.allowlist.is_line_allowlisted"
    },
    {
      "path": "detect_secrets.filters.common.is_baseline_file",
      "filename": ".secrets.baseline"
    },
    {
      "path": "detect_secrets.filters.common.is_ignored_due_to_verification_policies",
      "min_level": 2
    },
    {
      "path": "detect_secrets.filters.heuristic.is_indirect_reference"
    },
    {
      "path": "detect_secrets.filters.heuristic.is_likely_id_string"
    },
    {
      "path": "detect_secrets.filters.heuristic.is_lock_file"
    },
    {
      "path": "detect_secrets.filters.heuristic.is_not_alphanumeric_string"
    },
    {
      "path": "detect_secrets.filters.heuristic.is_potential_uuid"
    },
    {
      "path": "detect_secrets.filters.heuristic.is_prefixed_with_dollar_sign"
    },
    {
      "path": "detect_secrets.filters.heuristic.is_sequential_string"
    },
    {
      "path": "detect_secrets.filters.heuristic.is_swagger_file"
    },
    {
      "path": "detect_secrets.filters.heuristic.is_templated_secret"
    },
    {
      "path": "detect_secrets.filters.regex.should_exclude_file",
      "pattern": [
        "pnpm-lock\\.yaml|node_modules/.*|dist/.*|\\.husky/_/.*"
      ]
    }
  ],
  "results": {
    "src/locales/en.json": [
      {
        "type": "Secret Keyword",
        "filename": "src/locales/en.json",
        "hashed_secret": "d1b18bb2fbde5deba898575943107ff10f6385c0",
        "is_verified": false,
        "line_number": 529,
        "is_secret": false
      },
      {
        "type": "Secret Keyword",
        "filename": "src/locales/en.json",
        "hashed_secret": "cda3abab4f3aa4c71106ac02ad5270bcbc59a2f1",
        "is_verified": false,
        "line_number": 622,
        "is_secret": false
      },
      {
        "type": "Secret Keyword",
        "filename": "src/locales/en.json",
        "hashed_secret": "8be3c943b1609fffbfc51aad666d0a04adf83c9d",
        "is_verified": false,
        "line_number": 626,
        "is_secret": false
      },
      {
        "type": "Secret Keyword",
        "filename": "src/locales/en.json",
        "hashed_secret": "78225c8a1dffbb3dfa856e30478a26d7ec763856",
        "is_verified": false,
        "line_number": 695
      },
      {
        "type": "Secret Keyword",
        "filename": "src/locales/en.json",
        "hashed_secret": "be81ab98cb9ccf753975f50fa70cd32581a821fc",
        "is_verified": false,
        "line_number": 707
      },
      {
        "type": "Secret Keyword",
        "filename": "src/locales/en.json",
        "hashed_secret": "9cee480f77aae3493221d2d2c95f17792fad4801",
        "is_verified": false,
        "line_number": 722
      },
      {
        "type": "Secret Keyword",
        "filename": "src/locales/en.json",
        "hashed_secret": "b363188698b5df818afb49a15f193506d43dd531",
        "is_verified": false,
        "line_number": 768
      }
    ],
    "src/locales/fi.json": [
      {
        "type": "Secret Keyword",
        "filename": "src/locales/fi.json",
        "hashed_secret": "8c3e0a751d644270a545bf4d9bc9f7e144a9c8c0",
        "is_verified": false,
        "line_number": 529,
        "is_secret": false
      },
      {
        "type": "Secret Keyword",
        "filename": "src/locales/fi.json",
        "hashed_secret": "b11b637614f3ccf527463da70bc2fc65c331b667",
        "is_verified": false,
        "line_number": 622,
        "is_secret": false
      },
      {
        "type": "Secret Keyword",
        "filename": "src/locales/fi.json",
        "hashed_secret": "1edab3c25a852fdf601720cb0d533c3ca4374779",
        "is_verified": false,
        "line_number": 626,
        "is_secret": false
      },
      {
        "type": "Secret Keyword",
        "filename": "src/locales/fi.json",
        "hashed_secret": "c31fa82eaad629849f86fb0706385bda5990f215",
        "is_verified": false,
        "line_number": 695
      },
      {
        "type": "Secret Keyword",
        "filename": "src/locales/fi.json",
        "hashed_secret": "47528dcd693354727f504bfb820cf3e8dced2487",
        "is_verified": false,
        "line_number": 707
      },
      {
        "type": "Secret Keyword",
        "filename": "src/locales/fi.json",
        "hashed_secret": "32bb2db58355144a3597852b33594c5c145821c1",
        "is_verified": false,
        "line_number": 722
      },
      {
        "type": "Secret Keyword",
        "filename": "src/locales/fi.json",
        "hashed_secret": "a6b85a9fe637d92bacd6fd7b80e7d2f4556186f4",
        "is_verified": false,
        "line_number": 768
      }
    ],
    "src/locales/sv.json": [
      {
        "type": "Secret Keyword",
        "filename": "src/locales/sv.json",
        "hashed_secret": "1813ce4ccb3b21363961648e93ef4f0dea1f4ff3",
        "is_verified": false,
        "line_number": 529,
        "is_secret": false
      },
      {
        "type": "Secret Keyword",
        "filename": "src/locales/sv.json",
        "hashed_secret": "557c1db41cce103c09b189e1a021858d0457fbcc",
        "is_verified": false,
        "line_number": 622,
        "is_secret": false
      },
      {
        "type": "Secret Keyword",
        "filename": "src/locales/sv.json",
        "hashed_secret": "445b8b3e668d3f4b9979f9ef33accb33b062edd6",
        "is_verified": false,
        "line_number": 626,
        "is_secret": false
      },
      {
        "type": "Secret Keyword",
        "filename": "src/locales/sv.json",
        "hashed_secret": "aef780ac382a1b36c73b4534003ea6c88445f819",
        "is_verified": false,
        "line_number": 695
      },
      {
        "type": "Secret Keyword",
        "filename": "src/locales/sv.json",
        "hashed_secret": "ad29ca6634519065c3a01549d43881f4de7b8425",
        "is_verified": false,
        "line_number": 707
      },
      {
        "type": "Secret Keyword",
        "filename": "src/locales/sv.json",
        "hashed_secret": "c60ea65074e9062d5ea5e35f7457637e71e1b044",
        "is_verified": false,
        "line_number": 722
      },
      {
        "type": "Secret Keyword",
        "filename": "src/locales/sv.json",
        "hashed_secret": "af62443d809ba2261aa9f2c8731273d37e22f62b",
        "is_verified": false,
        "line_number": 768
      }
    ]
  },
  "generated_at": "2026-10-10T08:57:55Z"
}
